// Jest Snapshot v1, https://goo.gl/fbAQLP

exports[`Sound Editor Component matches snapshot 1`] = `
<div>
  <div>
    <div>
      <label>
        <span>
          Sound
        </span>
        <input
          className=""
          onBlur={[Function]}
          onChange={[Function]}
          onKeyPress={[Function]}
          onSubmit={[MockFunction]}
          tabIndex="1"
          type="text"
          value="sound name"
        />
      </label>
      <div>
        <button
          disabled={false}
          onClick={[MockFunction]}
          title="Undo"
        >
          <img
            draggable={false}
            src="test-file-stub"
          />
        </button>
        <button
          disabled={true}
          onClick={[MockFunction]}
          title="Redo"
        >
          <img
            draggable={false}
            src="test-file-stub"
          />
        </button>
      </div>
    </div>
    <div
      className="undefined"
      onClick={[MockFunction]}
      role="button"
    >
      <img
        draggable={false}
        src="test-file-stub"
      />
      <div>
        <span>
          Save
        </span>
      </div>
    </div>
  </div>
  <div>
    <div>
      <svg
        viewBox="-1 0 600 160"
      >
        <line
          x1={-1}
          x2={600}
          y1={80}
          y2={80}
        />
        <g
          transform="scale(1, -1) translate(0, -80)"
        >
          <path
            d="M0 0Q0 0 60 40 Q120 80 180 120 Q240 160 300 200 Q360 240 420 120 Q480 0 480 0 Q480 0 420 -120 Q360 -240 300 -200 Q240 -160 180 -120 Q120 -80 60 -40 Q0 0 0 0Z"
            strokeLinejoin="round"
            strokeWidth={1}
          />
        </g>
      </svg>
      <div>
        <div
          className=""
          onMouseDown={[Function]}
          onTouchStart={[Function]}
          style={
            Object {
              "alignContent": undefined,
              "alignItems": undefined,
              "alignSelf": undefined,
              "flexBasis": undefined,
              "flexDirection": undefined,
              "flexGrow": undefined,
              "flexShrink": undefined,
              "flexWrap": undefined,
              "height": undefined,
              "justifyContent": undefined,
              "width": "20%",
            }
          }
        >
          <div
            className=""
            style={
              Object {
                "alignContent": undefined,
                "alignItems": undefined,
                "alignSelf": undefined,
                "flexBasis": undefined,
                "flexDirection": undefined,
                "flexGrow": undefined,
                "flexShrink": undefined,
                "flexWrap": undefined,
                "height": undefined,
                "justifyContent": undefined,
                "width": undefined,
              }
            }
          />
          <div
            className=""
            style={
              Object {
                "alignContent": undefined,
                "alignItems": undefined,
                "alignSelf": undefined,
                "flexBasis": undefined,
                "flexDirection": undefined,
                "flexGrow": undefined,
                "flexShrink": undefined,
                "flexWrap": undefined,
                "height": undefined,
                "justifyContent": undefined,
                "width": undefined,
              }
            }
          >
            <div
              className=""
              style={
                Object {
                  "alignContent": undefined,
                  "alignItems": undefined,
                  "alignSelf": undefined,
                  "flexBasis": undefined,
                  "flexDirection": undefined,
                  "flexGrow": undefined,
                  "flexShrink": undefined,
                  "flexWrap": undefined,
                  "height": undefined,
                  "justifyContent": undefined,
                  "width": undefined,
                }
              }
            >
              <img
                src="test-file-stub"
              />
            </div>
            <div
              className=""
              style={
                Object {
                  "alignContent": undefined,
                  "alignItems": undefined,
                  "alignSelf": undefined,
                  "flexBasis": undefined,
                  "flexDirection": undefined,
                  "flexGrow": undefined,
                  "flexShrink": undefined,
                  "flexWrap": undefined,
                  "height": undefined,
                  "justifyContent": undefined,
                  "width": undefined,
                }
              }
            >
              <img
                src="test-file-stub"
              />
            </div>
          </div>
        </div>
        <div>
          <div
            className=""
            style={
              Object {
                "transform": "translateX(50%)",
              }
            }
          />
        </div>
        <div
          className=""
          onMouseDown={[Function]}
          onTouchStart={[Function]}
          style={
            Object {
              "alignContent": undefined,
              "alignItems": undefined,
              "alignSelf": undefined,
              "flexBasis": undefined,
              "flexDirection": undefined,
              "flexGrow": undefined,
              "flexShrink": undefined,
              "flexWrap": undefined,
              "height": undefined,
              "justifyContent": undefined,
              "left": "80%",
              "width": "20%",
            }
          }
        >
          <div
            className=""
            style={
              Object {
                "alignContent": undefined,
                "alignItems": undefined,
                "alignSelf": undefined,
                "flexBasis": undefined,
                "flexDirection": undefined,
                "flexGrow": undefined,
                "flexShrink": undefined,
                "flexWrap": undefined,
                "height": undefined,
                "justifyContent": undefined,
                "width": undefined,
              }
            }
          />
          <div
            className=""
            style={
              Object {
                "alignContent": undefined,
                "alignItems": undefined,
                "alignSelf": undefined,
                "flexBasis": undefined,
                "flexDirection": undefined,
                "flexGrow": undefined,
                "flexShrink": undefined,
                "flexWrap": undefined,
                "height": undefined,
                "justifyContent": undefined,
                "width": undefined,
              }
            }
          >
            <div
              className=""
              style={
                Object {
                  "alignContent": undefined,
                  "alignItems": undefined,
                  "alignSelf": undefined,
                  "flexBasis": undefined,
                  "flexDirection": undefined,
                  "flexGrow": undefined,
                  "flexShrink": undefined,
                  "flexWrap": undefined,
                  "height": undefined,
                  "justifyContent": undefined,
                  "width": undefined,
                }
              }
            >
              <img
                src="test-file-stub"
              />
            </div>
            <div
              className=""
              style={
                Object {
                  "alignContent": undefined,
                  "alignItems": undefined,
                  "alignSelf": undefined,
                  "flexBasis": undefined,
                  "flexDirection": undefined,
                  "flexGrow": undefined,
                  "flexShrink": undefined,
                  "flexWrap": undefined,
                  "height": undefined,
                  "justifyContent": undefined,
                  "width": undefined,
                }
              }
            >
              <img
                src="test-file-stub"
              />
            </div>
          </div>
        </div>
      </div>
    </div>
  </div>
  <div
    className=""
  >
    <div>
      <button
        className=""
        onClick={[MockFunction]}
        title="Stop"
      >
        <img
          draggable={false}
          src="test-file-stub"
        />
      </button>
    </div>
    <div
      className=""
      onClick={[MockFunction]}
      role="button"
    >
      <img
        draggable={false}
        src="test-file-stub"
      />
      <div>
        <span>
          Faster
        </span>
      </div>
    </div>
    <div
      className=""
      onClick={[MockFunction]}
      role="button"
    >
      <img
        draggable={false}
        src="test-file-stub"
      />
      <div>
        <span>
          Slower
        </span>
      </div>
    </div>
    <div
      className=""
      onClick={[MockFunction]}
      role="button"
    >
      <img
        draggable={false}
        src="test-file-stub"
      />
      <div>
        <span>
          Echo
        </span>
      </div>
    </div>
    <div
      className=""
      onClick={[MockFunction]}
      role="button"
    >
      <img
        draggable={false}
        src="test-file-stub"
      />
      <div>
        <span>
          Robot
        </span>
      </div>
    </div>
    <div
      className=""
      onClick={[MockFunction]}
      role="button"
    >
      <img
        draggable={false}
        src="test-file-stub"
      />
      <div>
        <span>
          Louder
        </span>
      </div>
    </div>
    <div
      className=""
      onClick={[MockFunction]}
      role="button"
    >
      <img
        draggable={false}
        src="test-file-stub"
      />
      <div>
        <span>
          Softer
        </span>
      </div>
    </div>
    <div
      className=""
      onClick={[MockFunction]}
      role="button"
    >
      <img
        draggable={false}
        src="test-file-stub"
      />
      <div>
        <span>
          Reverse
        </span>
      </div>
    </div>
  </div>
</div>
`;
